
> certifications-showcase@1.0.0 build
> vite build

[36mvite v5.4.21 [32mbuilding for production...[36m[39m
transforming...
[32mΓ£ô[39m 2091 modules transformed.
node.exe : [31mx[39m Build failed in 6.16s
At C:\Program Files\nodejs\npm.ps1:29 char:3
+   & $NODE_EXE $NPM_CLI_JS $args
+   ~~~~~~~~~~~~~~~~~~~~~~~~~~~~~
    + CategoryInfo          : NotSpecified: ([31mx[39m Build failed in 6.16s:String) [], RemoteException
    + FullyQualifiedErrorId : NativeCommandError
 
[31merror during build:
[31msrc/pages/Home.jsx (4:24): "Github" is not exported by "node_modules/lucide-react/dist/esm/lucide-react.mjs", 
imported by "src/pages/Home.jsx".[31m
file: [36mE:/MERN STACK PRO/CERTIFICATIONS/certifications-showcase/src/pages/Home.jsx:4:24[31m
[33m
2: import { 
3:   Award, Star, Shield, Users, Code, 
4:   Sparkles, ArrowRight, Github, Linkedin, Twitter,
                           ^
5:   Lock, Unlock, Eye, EyeOff, Settings,
6:   Calendar, CheckCircle, ExternalLink, BadgeCheck,
[31m
    at getRollupError (file:///E:/MERN%20STACK%20PRO/CERTIFICATIONS/certifications-showcase/node_modules/rollup/dist/es
/shared/parseAst.js:317:41)
    at error (file:///E:/MERN%20STACK%20PRO/CERTIFICATIONS/certifications-showcase/node_modules/rollup/dist/es/shared/p
arseAst.js:313:42)
    at Module.error (file:///E:/MERN%20STACK%20PRO/CERTIFICATIONS/certifications-showcase/node_modules/rollup/dist/es/s
hared/node-entry.js:17396:16)
    at Module.traceVariable (file:///E:/MERN%20STACK%20PRO/CERTIFICATIONS/certifications-showcase/node_modules/rollup/d
ist/es/shared/node-entry.js:17829:29)
    at ModuleScope.findVariable (file:///E:/MERN%20STACK%20PRO/CERTIFICATIONS/certifications-showcase/node_modules/roll
up/dist/es/shared/node-entry.js:15419:39)
    at FunctionScope.findVariable (file:///E:/MERN%20STACK%20PRO/CERTIFICATIONS/certifications-showcase/node_modules/ro
llup/dist/es/shared/node-entry.js:5684:38)
    at FunctionBodyScope.findVariable (file:///E:/MERN%20STACK%20PRO/CERTIFICATIONS/certifications-showcase/node_module
s/rollup/dist/es/shared/node-entry.js:5684:38)
    at Identifier.bind (file:///E:/MERN%20STACK%20PRO/CERTIFICATIONS/certifications-showcase/node_modules/rollup/dist/e
s/shared/node-entry.js:5451:40)
    at CallExpression.bind (file:///E:/MERN%20STACK%20PRO/CERTIFICATIONS/certifications-showcase/node_modules/rollup/di
st/es/shared/node-entry.js:2829:28)
    at CallExpression.bind (file:///E:/MERN%20STACK%20PRO/CERTIFICATIONS/certifications-showcase/node_modules/rollup/di
st/es/shared/node-entry.js:12528:15)[39m
